<?xml version="1.0" encoding="utf-8"?><testsuites><testsuite name="pytest" errors="0" failures="0" skipped="0" tests="2" time="3.398" timestamp="2026-05-29T14:51:23.518271" hostname="644620c4a4ad"><testcase classname="tests.test_model" name="test_dummy_data_generation" time="0.021" /><testcase classname="tests.test_model" name="test_linear_regression_model" time="0.011" /></testsuite></testsuites>